 Entering Link 1 = C:\Program Files (x86)\G16W\l1.exe PID=      5372.
  
 Copyright (c) 1988-2017, Gaussian, Inc.  All Rights Reserved.
  
 This is part of the Gaussian(R) 16 program.  It is based on
 the Gaussian(R) 09 system (copyright 2009, Gaussian, Inc.),
 the Gaussian(R) 03 system (copyright 2003, Gaussian, Inc.),
 the Gaussian(R) 98 system (copyright 1998, Gaussian, Inc.),
 the Gaussian(R) 94 system (copyright 1995, Gaussian, Inc.),
 the Gaussian 92(TM) system (copyright 1992, Gaussian, Inc.),
 the Gaussian 90(TM) system (copyright 1990, Gaussian, Inc.),
 the Gaussian 88(TM) system (copyright 1988, Gaussian, Inc.),
 the Gaussian 86(TM) system (copyright 1986, Carnegie Mellon
 University), and the Gaussian 82(TM) system (copyright 1983,
 Carnegie Mellon University). Gaussian is a federally registered
 trademark of Gaussian, Inc.
  
 This software contains proprietary and confidential information,
 including trade secrets, belonging to Gaussian, Inc.
  
 This software is provided under written license and may be
 used, copied, transmitted, or stored only in accord with that
 written license.
  
 The following legend is applicable only to US Government
 contracts under FAR:
  
                    RESTRICTED RIGHTS LEGEND
  
 Use, reproduction and disclosure by the US Government is
 subject to restrictions as set forth in subparagraphs (a)
 and (c) of the Commercial Computer Software - Restricted
 Rights clause in FAR 52.227-19.
  
 Gaussian, Inc.
 340 Quinnipiac St., Bldg. 40, Wallingford CT 06492
  
  
 ---------------------------------------------------------------
 Warning -- This program may not be used in any manner that
 competes with the business of Gaussian, Inc. or will provide
 assistance to any competitor of Gaussian, Inc.  The licensee
 of this program is prohibited from giving any competitor of
 Gaussian, Inc. access to this program.  By using this program,
 the user acknowledges that Gaussian, Inc. is engaged in the
 business of creating and licensing software in the field of
 computational chemistry and represents and warrants to the
 licensee that it is not a competitor of Gaussian, Inc. and that
 it will not use this program in any manner prohibited above.
 ---------------------------------------------------------------
  

 Cite this work as:
 Gaussian 16, Revision B.01,
 M. J. Frisch, G. W. Trucks, H. B. Schlegel, G. E. Scuseria, 
 M. A. Robb, J. R. Cheeseman, G. Scalmani, V. Barone, 
 G. A. Petersson, H. Nakatsuji, X. Li, M. Caricato, A. V. Marenich, 
 J. Bloino, B. G. Janesko, R. Gomperts, B. Mennucci, H. P. Hratchian, 
 J. V. Ortiz, A. F. Izmaylov, J. L. Sonnenberg, D. Williams-Young, 
 F. Ding, F. Lipparini, F. Egidi, J. Goings, B. Peng, A. Petrone, 
 T. Henderson, D. Ranasinghe, V. G. Zakrzewski, J. Gao, N. Rega, 
 G. Zheng, W. Liang, M. Hada, M. Ehara, K. Toyota, R. Fukuda, 
 J. Hasegawa, M. Ishida, T. Nakajima, Y. Honda, O. Kitao, H. Nakai, 
 T. Vreven, K. Throssell, J. A. Montgomery, Jr., J. E. Peralta, 
 F. Ogliaro, M. J. Bearpark, J. J. Heyd, E. N. Brothers, K. N. Kudin, 
 V. N. Staroverov, T. A. Keith, R. Kobayashi, J. Normand, 
 K. Raghavachari, A. P. Rendell, J. C. Burant, S. S. Iyengar, 
 J. Tomasi, M. Cossi, J. M. Millam, M. Klene, C. Adamo, R. Cammi, 
 J. W. Ochterski, R. L. Martin, K. Morokuma, O. Farkas, 
 J. B. Foresman, and D. J. Fox, Gaussian, Inc., Wallingford CT, 2016.
 
 ******************************************
 Gaussian 16:  EM64W-G16RevB.01 16-Dec-2017
                05-Jun-2019 
 ******************************************
 %mem=1GB
 %nprocshared=1
 Will use up to    1 processors via shared memory.
 %oldchk=C:\Users\Jin-cheng Liu\Desktop\projects\g09class\examples2\0605\2\1.chk
 %chk=C:\Users\Jin-cheng Liu\Desktop\projects\g09class\examples2\0605\2\1cas.chk
 Copying data from "C:\Users\Jin-cheng Liu\Desktop\projects\g09class\examples2\0605\2\1.chk" to current chk file "C:\Users\Jin-cheng Liu\Desktop\projects\g09class\examples2\0605\2\1cas.chk"
 IOpt=  2 FromEx=T IUOpen= 4 IOptOp= 5 NList=   0 IFRang= 0 IUIn= 4 IUOut= 2.
 Default route: MaxDisk=10GB
 -----------------------------------------
 # CAS(2,2)/6-31+g(d) guess=(read,permute)
 -----------------------------------------
 1/38=1,172=1/1;
 2/12=2,17=6,18=5,40=1/2;
 3/5=1,6=6,7=11,25=1,116=101/1,2,3;
 4/5=1,8=2,17=2,18=2,43=1/1,5;
 5/5=2,17=1000000,38=6/10;
 6/7=2,8=2,9=2,10=2,28=1/1;
 99/5=1,9=1/99;
 -------------------
 Title Card Required
 -------------------
 Symbolic Z-matrix:
 Charge =  0 Multiplicity = 1
 C                     0.5135    0.        0. 
 H                     1.08003   0.        0.91478 
 H                     1.08003   0.       -0.91478 
 C                    -0.8035    0.        0. 
 H                    -1.37003   0.       -0.91478 
 H                    -1.37003   0.        0.91478 
 
                          Input orientation:                          
 ---------------------------------------------------------------------
 Center     Atomic      Atomic             Coordinates (Angstroms)
 Number     Number       Type             X           Y           Z
 ---------------------------------------------------------------------
      1          6           0        0.513500    0.000000    0.000000
      2          1           0        1.080026    0.000000    0.914781
      3          1           0        1.080026    0.000000   -0.914781
      4          6           0       -0.803500    0.000000    0.000000
      5          1           0       -1.370026    0.000000   -0.914781
      6          1           0       -1.370026    0.000000    0.914781
 ---------------------------------------------------------------------
                    Distance matrix (angstroms):
                    1          2          3          4          5
     1  C    0.000000
     2  H    1.076000   0.000000
     3  H    1.076000   1.829563   0.000000
     4  C    1.317000   2.093918   2.093918   0.000000
     5  H    2.093918   3.057785   2.450051   1.076000   0.000000
     6  H    2.093918   2.450051   3.057785   1.076000   1.829563
                    6
     6  H    0.000000
 Stoichiometry    C2H4
 Framework group  D2H[C2"(C.C),SG(H4)]
 Deg. of freedom     3
 Full point group                 D2H     NOp   8
 Largest Abelian subgroup         D2H     NOp   8
 Largest concise Abelian subgroup D2      NOp   4
                         Standard orientation:                         
 ---------------------------------------------------------------------
 Center     Atomic      Atomic             Coordinates (Angstroms)
 Number     Number       Type             X           Y           Z
 ---------------------------------------------------------------------
      1          6           0        0.000000    0.000000    0.658500
      2          1           0        0.000000    0.914781    1.225026
      3          1           0        0.000000   -0.914781    1.225026
      4          6           0        0.000000    0.000000   -0.658500
      5          1           0        0.000000   -0.914781   -1.225026
      6          1           0        0.000000    0.914781   -1.225026
 ---------------------------------------------------------------------
 Rotational constants (GHZ):         149.8088633          30.7097024          25.4853876
 Standard basis: 6-31+G(d) (6D, 7F)
 There are    12 symmetry adapted cartesian basis functions of AG  symmetry.
 There are     1 symmetry adapted cartesian basis functions of B1G symmetry.
 There are     4 symmetry adapted cartesian basis functions of B2G symmetry.
 There are     6 symmetry adapted cartesian basis functions of B3G symmetry.
 There are     1 symmetry adapted cartesian basis functions of AU  symmetry.
 There are    12 symmetry adapted cartesian basis functions of B1U symmetry.
 There are     6 symmetry adapted cartesian basis functions of B2U symmetry.
 There are     4 symmetry adapted cartesian basis functions of B3U symmetry.
 There are    12 symmetry adapted basis functions of AG  symmetry.
 There are     1 symmetry adapted basis functions of B1G symmetry.
 There are     4 symmetry adapted basis functions of B2G symmetry.
 There are     6 symmetry adapted basis functions of B3G symmetry.
 There are     1 symmetry adapted basis functions of AU  symmetry.
 There are    12 symmetry adapted basis functions of B1U symmetry.
 There are     6 symmetry adapted basis functions of B2U symmetry.
 There are     4 symmetry adapted basis functions of B3U symmetry.
    46 basis functions,    80 primitive gaussians,    46 cartesian basis functions
     8 alpha electrons        8 beta electrons
       nuclear repulsion energy        33.6900595476 Hartrees.
 NAtoms=    6 NActive=    6 NUniq=    2 SFac= 4.00D+00 NAtFMM=   60 NAOKFM=F Big=F
 Integral buffers will be    131072 words long.
 Regular integral format.
 Two-electron integral symmetry is turned off.
 One-electron integrals computed using PRISM.
 NBasis=    46 RedAO= T EigKep=  2.04D-04  NBF=    12     1     4     6     1    12     6     4
 NBsUse=    46 1.00D-06 EigRej= -1.00D+00 NBFU=    12     1     4     6     1    12     6     4
 Initial guess from the checkpoint file:  "C:\Users\Jin-cheng Liu\Desktop\projects\g09class\examples2\0605\2\1cas.chk"
 B after Tr=     0.000000    0.000000    0.000000
         Rot=    1.000000    0.000000    0.000000    0.000000 Ang=   0.00 deg.
 Alpha guess permutation (I<-O):    1    2    3    4    5    6    7    8   11    9
 Alpha guess permutation (I<-O):   10
 Initial guess orbital symmetries:
       Occupied  (AG) (B1U) (AG) (B1U) (B2U) (AG) (B3G) (B3U)
       Virtual   (B2G) (B1U) (AG) (B2U) (B3U) (B3G) (AG) (B1U)
                 (B2G) (AG) (B2U) (B1U) (B3G) (B1U) (AG) (B2U)
                 (B3U) (B2G) (AG) (B1U) (B2U) (B3G) (AG) (B1U)
                 (B1U) (B3G) (B3U) (B1G) (AU) (AG) (B2U) (AG) (B1U)
                 (B2G) (B3G) (B1U) (AG) (B1U)
          Truncation Level=               99999
          a=  1          b=  0          c=  1
          a=N/2 - s   b=2s   c=n- (a+b)
          no. active orbitals (n)  2
          no. active ELECTRONS (N)=  2
                                                  IRREPS TO BE RETAINED = 1 2 3 4 5 6 7 8
                                                  GROUP IRREP. MULT. TABLE
                                                      1    2    3    4    5    6    7    8
                                                      2    1    4    3    6    5    8    7
                                                      3    4    1    2    7    8    5    6
                                                      4    3    2    1    8    7    6    5
                                                      5    6    7    8    1    2    3    4
                                                      6    5    8    7    2    1    4    3
                                                      7    8    5    6    3    4    1    2
                                                      8    7    6    5    4    3    2    1
                                                  IRREP. LABELS FOR ORBITALS
                                                   8 3
          BOTTOM WEIGHT=  2     TOP WEIGHT=  4
          Configuration         1 Symmetry 1 10
          Configuration         2 Symmetry 6 ab
          Configuration         3 Symmetry 1 01
          NO OF BASIS FUNCTIONS =         3 NO TO BE DELETED =    0
 CI Matrix Elements calculated here
          NO. OF CONFIGURATIONS IN REFERENCE SPACE =    1
                                   SECONDARY SPACE =    3
                                   TERTIARY SPACE =    3
          NO. OF ORBITALS =    2
          NO. OF ELECTRONS =    2
          NO. OF WEIGHTS =    3
          REFERENCE STATE CONFIGURATIONS ARE:     0
          NO. OF CORE ORBITALS =    0
          OPTION:  NON-DIAGONAL HOLE LINE INTERACTIONS INCLUDED
 Len28=          98 LenMCI=         101.
 Enter MCSCF program.
 NBasis=   46 NCore=    7 NVal=    2 NVirt=   37 IFrame=0 Acc=  1.00D-08.
  Memory needed for Incore Integrals:                  846965
  Integrals KEPT IN MEMORY
 IBUJAK length=                    8648
 Integral file not found: evaluate integrals 
 FoFCou: FMM=F IPFlag=           0 FMFlag=           0 FMFlg1=           0
         NFxFlg=           0 DoJE=F BraDBF=F KetDBF=F FulRan=T
         wScrn=  0.000000 ICntrl=       600 IOpCl=  0 I1Cent=           0 NGrid=           0
         NMat0=    1 NMatS0=      1 NMatT0=    0 NMatD0=    1 NMtDS0=    0 NMtDT0=    0
 Symmetry not used in FoFCou.
 Defining IBUGAM
 2ND ORD PT ENERGY     CV    0.000000   CU   -0.000001   UV   -0.006792
 TOTAL                     -78.044497
 WARNING! : large rotation  I  J  =                       17
                        9
 Step scaled by    0.5923833098080649     
 ITN=  1 MaxIt= 64 E=    -78.0377041106 DE=-7.80D+01 Acc= 1.00D-08 Lan=  0
 ITN=  2 MaxIt= 64 E=    -78.0564639850 DE=-1.88D-02 Acc= 1.00D-08 Lan=  0
 ITN=  3 MaxIt= 64 E=    -78.0621129395 DE=-5.65D-03 Acc= 1.00D-08 Lan=  0
 ITN=  4 MaxIt= 64 E=    -78.0626558024 DE=-5.43D-04 Acc= 1.00D-08 Lan=  0
 ITN=  5 MaxIt= 64 E=    -78.0627415307 DE=-8.57D-05 Acc= 1.00D-08 Lan=  0
 ITN=  6 MaxIt= 64 E=    -78.0627580854 DE=-1.66D-05 Acc= 1.00D-08 Lan=  0
 ITN=  7 MaxIt= 64 E=    -78.0627615136 DE=-3.43D-06 Acc= 1.00D-08 Lan=  0
 ITN=  8 MaxIt= 64 E=    -78.0627622367 DE=-7.23D-07 Acc= 1.00D-08 Lan=  0
 ITN=  9 MaxIt= 64 E=    -78.0627623899 DE=-1.53D-07 Acc= 1.00D-08 Lan=  0
 ITN= 10 MaxIt= 64 E=    -78.0627624224 DE=-3.25D-08 Acc= 1.00D-08 Lan=  0
 ITN= 11 MaxIt= 64 E=    -78.0627624293 DE=-6.90D-09 Acc= 1.00D-08 Lan=  0
 ... Do an extra-iteration for final printing.
 Final one electron symbolic density matrix:
                1             2 
      1  0.191774D+01
      2  0.414476D-14  0.822579D-01
 MCSCF converged.

 **********************************************************************

            Population analysis using the SCF Density.

 **********************************************************************

 Orbital symmetries:
       Occupied  (AG) (B1U) (AG) (B1U) (B2U) (AG) (B3G) (B3U)
       Virtual   (B2G) (B1U) (AG) (B2U) (B3U) (B3G) (AG) (B1U)
                 (B2G) (AG) (B2U) (B1U) (B3G) (B1U) (AG) (B2U)
                 (B3U) (B2G) (AG) (B1U) (B2U) (B3G) (AG) (B1U)
                 (B1U) (B3G) (B3U) (B1G) (AU) (AG) (B2U) (AG) (B1U)
                 (B2G) (B3G) (B1U) (AG) (B1U)
 The electronic state is 1-AG.
 Alpha  occ. eigenvalues --    0.00000   0.00000   0.00000   0.00000   0.00000
 Alpha  occ. eigenvalues --    0.00000   0.00000   0.00000
 Alpha virt. eigenvalues --    0.00000   0.00000   0.00000   0.00000   0.00000
 Alpha virt. eigenvalues --    0.00000   0.00000   0.00000   0.00000   0.00000
 Alpha virt. eigenvalues --    0.00000   0.00000   0.00000   0.00000   0.00000
 Alpha virt. eigenvalues --    0.00000   0.00000   0.00000   0.00000   0.00000
 Alpha virt. eigenvalues --    0.00000   0.00000   0.00000   0.00000   0.00000
 Alpha virt. eigenvalues --    0.00000   0.00000   0.00000   0.00000   0.00000
 Alpha virt. eigenvalues --    0.00000   0.00000   0.00000   0.00000   0.00000
 Alpha virt. eigenvalues --    0.00000   0.00000   0.00000
          Condensed to atoms (all electrons):
               1          2          3          4          5          6
     1  C    5.005588   0.385607   0.385607   0.655291  -0.024278  -0.024278
     2  H    0.385607   0.469503  -0.022477  -0.024278   0.002309  -0.002431
     3  H    0.385607  -0.022477   0.469503  -0.024278  -0.002431   0.002309
     4  C    0.655291  -0.024278  -0.024278   5.005588   0.385607   0.385607
     5  H   -0.024278   0.002309  -0.002431   0.385607   0.469503  -0.022477
     6  H   -0.024278  -0.002431   0.002309   0.385607  -0.022477   0.469503
 Mulliken charges:
               1
     1  C   -0.383536
     2  H    0.191768
     3  H    0.191768
     4  C   -0.383536
     5  H    0.191768
     6  H    0.191768
 Sum of Mulliken charges =   0.00000
 Mulliken charges with hydrogens summed into heavy atoms:
               1
     1  C    0.000000
     4  C    0.000000
 Electronic spatial extent (au):  <R**2>=             82.1046
 Charge=              0.0000 electrons
 Dipole moment (field-independent basis, Debye):
    X=              0.0000    Y=              0.0000    Z=              0.0000  Tot=              0.0000
 Quadrupole moment (field-independent basis, Debye-Ang):
   XX=            -15.7503   YY=            -12.4290   ZZ=            -12.3506
   XY=              0.0000   XZ=              0.0000   YZ=              0.0000
 Traceless Quadrupole moment (field-independent basis, Debye-Ang):
   XX=             -2.2404   YY=              1.0810   ZZ=              1.1594
   XY=              0.0000   XZ=              0.0000   YZ=              0.0000
 Octapole moment (field-independent basis, Debye-Ang**2):
  XXX=              0.0000  YYY=              0.0000  ZZZ=              0.0000  XYY=              0.0000
  XXY=              0.0000  XXZ=              0.0000  XZZ=              0.0000  YZZ=              0.0000
  YYZ=              0.0000  XYZ=              0.0000
 Hexadecapole moment (field-independent basis, Debye-Ang**3):
 XXXX=            -19.8048 YYYY=            -26.8034 ZZZZ=            -67.3718 XXXY=              0.0000
 XXXZ=              0.0000 YYYX=              0.0000 YYYZ=              0.0000 ZZZX=              0.0000
 ZZZY=              0.0000 XXYY=             -8.3937 XXZZ=            -15.5916 YYZZ=            -13.3749
 XXYZ=              0.0000 YYXZ=              0.0000 ZZXY=              0.0000
 N-N= 3.369005954762D+01 E-N=-2.487219705095D+02  KE= 7.805757726744D+01
 Symmetry AG   KE= 3.755910392021D+01
 Symmetry B1G  KE= 2.400685100579D-31
 Symmetry B2G  KE= 1.410932417583D-01
 Symmetry B3G  KE= 2.092366265603D+00
 Symmetry AU   KE= 2.049507598417D-31
 Symmetry B1U  KE= 3.450339169470D+01
 Symmetry B2U  KE= 1.854616745603D+00
 Symmetry B3U  KE= 1.907005399570D+00
 1|1|UNPC-DESKTOP-45VE1PU|SP|CASSCF|6-31+G(d)|C2H4|JIN-CHENG LIU|05-Jun
 -2019|2||# CAS(2,2)/6-31+g(d) guess=(read,permute)||Title Card Require
 d||0,1|C,0,0.5135,0.,0.|H,0,1.08002554,0.,0.9147813|H,0,1.08002554,0.,
 -0.9147813|C,0,-0.8035,0.,0.|H,0,-1.37002554,0.,-0.9147813|H,0,-1.3700
 2554,0.,0.9147813||1,2,3,4,5,6,7,8,11,9,10||Version=EM64W-G16RevB.01|S
 tate=1-AG|HF=-78.0627624|RMSD=0.000e+000|Dipole=0.,0.,0.|Quadrupole=0.
 8619781,-1.6656496,0.8036715,0.,0.,0.|PG=D02H [C2"(C1.C1),SG(H4)]||@


 ORIGINALITY CONSISTS NOT IN SAYING WHAT NO ONE HAS EVER SAID BEFORE, 
 BUT IN SAYING WHAT YOU THINK YOUR SELF.

                                    -- JAMES F. STEPHEN
 Job cpu time:       0 days  0 hours  0 minutes  3.0 seconds.
 Elapsed time:       0 days  0 hours  0 minutes  1.6 seconds.
 File lengths (MBytes):  RWF=      6 Int=      0 D2E=      0 Chk=      1 Scr=      1
 Normal termination of Gaussian 16 at Wed Jun 05 20:11:52 2019.
